// Jest Snapshot v1, https://goo.gl/fbAQLP

exports[`Properly render Github component 1`] = `
<a
  className="css-GithubLink-1lpdutp-qkdrtp css-GithubLink-1lpdutp"
  href="http://github.com/didierfranc/redux-react-starter"
  rel="noopener"
  target="_blank"
>
  <span
    className="css-Github-10s59s4-1w9fjgc css-Github-10s59s4 css-GithubButton-g8y01v-1nq7cqd css-GithubButton-g8y01v"
  >
    <svg
      height="16"
      style={
        Object {
          "position": "relative",
          "top": 3,
        }
      }
      width="14"
    >
      <path
        d="M14 6l-4.9-.64L7 1 4.9 5.36 0 6l3.6 3.26L2.67 14 7 11.67 11.33 14l-.93-4.74z"
      />
    </svg>
     Star
  </span>
  <span
    className="css-Github-10s59s4-1w9fjgc css-Github-10s59s4 css-GithubCount-lcp6b7-1tsdg4m css-GithubCount-lcp6b7"
  >
    0
  </span>
</a>
`;
